========== CLI ERROR ring.csv ==========
ref: /home/aghil.hooshmand/projects/DataComplexity/pmlb_DS/ring.csv
source: csv
TypeError: Invalid value 'False' for dtype 'float64'
Traceback (most recent call last):
  File "/home/aghil.hooshmand/projects/DataComplexity/.venv/lib/python3.12/site-packages/pandas/core/frame.py", line 4911, in _set_value
    self._mgr.column_setitem(icol, iindex, value, inplace_only=True)
  File "/home/aghil.hooshmand/projects/DataComplexity/.venv/lib/python3.12/site-packages/pandas/core/internals/managers.py", line 1526, in column_setitem
    col_mgr.setitem_inplace(idx, value)
  File "/home/aghil.hooshmand/projects/DataComplexity/.venv/lib/python3.12/site-packages/pandas/core/internals/managers.py", line 2228, in setitem_inplace
    value = np_can_hold_element(arr.dtype, value)
            ^^^^^^^^^^^^^^^^^^^^^^^^^^^^^^^^^^^^^
  File "/home/aghil.hooshmand/projects/DataComplexity/.venv/lib/python3.12/site-packages/pandas/core/dtypes/cast.py", line 1792, in np_can_hold_element
    raise LossySetitemError
pandas.errors.LossySetitemError

During handling of the above exception, another exception occurred:

Traceback (most recent call last):
  File "/home/aghil.hooshmand/projects/DataComplexity/.venv/lib/python3.12/site-packages/pandas/core/internals/blocks.py", line 1115, in setitem
    casted = np_can_hold_element(values.dtype, value)
             ^^^^^^^^^^^^^^^^^^^^^^^^^^^^^^^^^^^^^^^^
  File "/home/aghil.hooshmand/projects/DataComplexity/.venv/lib/python3.12/site-packages/pandas/core/dtypes/cast.py", line 1792, in np_can_hold_element
    raise LossySetitemError
pandas.errors.LossySetitemError

During handling of the above exception, another exception occurred:

Traceback (most recent call last):
  File "/home/aghil.hooshmand/projects/DataComplexity/parallel_complexity_cli.py", line 443, in main
    )
      
  File "/home/aghil.hooshmand/projects/DataComplexity/parallel_complexity_cli.py", line 652, in _run_cli
    pycol_arg, custom_metrics=args.pycol_custom_metrics
        ^^^^^^^^^^^^^^^^^^^^^^^^^^^^^^^^^^^^^^^^^^^^^^^^
  File "/home/aghil.hooshmand/projects/DataComplexity/parallel_complexity_cli.py", line 313, in upsert_result_row
  File "/home/aghil.hooshmand/projects/DataComplexity/.venv/lib/python3.12/site-packages/pandas/core/indexing.py", line 2592, in __setitem__
    return super().__setitem__(key, value)
           ^^^^^^^^^^^^^^^^^^^^^^^^^^^^^^^
  File "/home/aghil.hooshmand/projects/DataComplexity/.venv/lib/python3.12/site-packages/pandas/core/indexing.py", line 2542, in __setitem__
    self.obj._set_value(*key, value=value, takeable=self._takeable)
  File "/home/aghil.hooshmand/projects/DataComplexity/.venv/lib/python3.12/site-packages/pandas/core/frame.py", line 4922, in _set_value
    self.loc[index, col] = value
    ~~~~~~~~^^^^^^^^^^^^
  File "/home/aghil.hooshmand/projects/DataComplexity/.venv/lib/python3.12/site-packages/pandas/core/indexing.py", line 938, in __setitem__
    iloc._setitem_with_indexer(indexer, value, self.name)
  File "/home/aghil.hooshmand/projects/DataComplexity/.venv/lib/python3.12/site-packages/pandas/core/indexing.py", line 1953, in _setitem_with_indexer
    self._setitem_with_indexer_split_path(indexer, value, name)
  File "/home/aghil.hooshmand/projects/DataComplexity/.venv/lib/python3.12/site-packages/pandas/core/indexing.py", line 2044, in _setitem_with_indexer_split_path
    self._setitem_single_column(loc, value, pi)
  File "/home/aghil.hooshmand/projects/DataComplexity/.venv/lib/python3.12/site-packages/pandas/core/indexing.py", line 2181, in _setitem_single_column
    self.obj._mgr.column_setitem(loc, plane_indexer, value)
  File "/home/aghil.hooshmand/projects/DataComplexity/.venv/lib/python3.12/site-packages/pandas/core/internals/managers.py", line 1528, in column_setitem
    new_mgr = col_mgr.setitem((idx,), value)
              ^^^^^^^^^^^^^^^^^^^^^^^^^^^^^^
  File "/home/aghil.hooshmand/projects/DataComplexity/.venv/lib/python3.12/site-packages/pandas/core/internals/managers.py", line 607, in setitem
    return self.apply("setitem", indexer=indexer, value=value)
           ^^^^^^^^^^^^^^^^^^^^^^^^^^^^^^^^^^^^^^^^^^^^^^^^^^^
  File "/home/aghil.hooshmand/projects/DataComplexity/.venv/lib/python3.12/site-packages/pandas/core/internals/managers.py", line 445, in apply
    applied = getattr(b, f)(**kwargs)
              ^^^^^^^^^^^^^^^^^^^^^^^
  File "/home/aghil.hooshmand/projects/DataComplexity/.venv/lib/python3.12/site-packages/pandas/core/internals/blocks.py", line 1118, in setitem
    nb = self.coerce_to_target_dtype(value, raise_on_upcast=True)
         ^^^^^^^^^^^^^^^^^^^^^^^^^^^^^^^^^^^^^^^^^^^^^^^^^^^^^^^^
  File "/home/aghil.hooshmand/projects/DataComplexity/.venv/lib/python3.12/site-packages/pandas/core/internals/blocks.py", line 468, in coerce_to_target_dtype
    raise TypeError(f"Invalid value '{other}' for dtype '{self.values.dtype}'")
TypeError: Invalid value 'False' for dtype 'float64'

========== 2026-06-20T12:29:33+01:00 FAILED exit=1 elapsed=160390s  ==========
session: 2026-06-18T15:56:23+01:00
dataset: ring.csv
ref: /home/aghil.hooshmand/projects/DataComplexity/pmlb_DS/ring.csv
command: /home/aghil.hooshmand/projects/DataComplexity/.venv/bin/python /home/aghil.hooshmand/projects/DataComplexity/parallel_complexity_cli.py --source csv --ref /home/aghil.hooshmand/projects/DataComplexity/pmlb_DS/ring.csv --label-column target --library pycol --n-jobs 63 --missing-values impute_median --output-csv /home/aghil.hooshmand/projects/DataComplexity/results/datasets_complexity_summary.csv --upsert-key dataset_file --failure-log /home/aghil.hooshmand/projects/DataComplexity/results/batch_failures.log --metrics cheap --pycol-distance-matrix auto --pycol-parallel-heom 

========== START 2026-06-18T15:56:23+01:00 [1/7] ==========
ref: /home/aghil.hooshmand/projects/DataComplexity/pmlb_DS/ring.csv
/home/aghil.hooshmand/projects/DataComplexity/.venv/bin/python /home/aghil.hooshmand/projects/DataComplexity/parallel_complexity_cli.py --source csv --ref /home/aghil.hooshmand/projects/DataComplexity/pmlb_DS/ring.csv --label-column target --library pycol --n-jobs 63 --missing-values impute_median --output-csv /home/aghil.hooshmand/projects/DataComplexity/results/datasets_complexity_summary.csv --upsert-key dataset_file --failure-log /home/aghil.hooshmand/projects/DataComplexity/results/batch_failures.log --metrics cheap --pycol-distance-matrix auto --pycol-parallel-heom 

========== START 2026-06-19T02:28:35+01:00 [1/7] ==========
ref: /home/aghil.hooshmand/projects/DataComplexity/pmlb_DS/ring.csv
/home/aghil.hooshmand/projects/DataComplexity/.venv/bin/python /home/aghil.hooshmand/projects/DataComplexity/parallel_complexity_cli.py --source csv --ref /home/aghil.hooshmand/projects/DataComplexity/pmlb_DS/ring.csv --label-column target --library pycol --n-jobs 32 --missing-values impute_median --output-csv /home/aghil.hooshmand/projects/DataComplexity/results/datasets_complexity_summary.csv --upsert-key dataset_file --failure-log /home/aghil.hooshmand/projects/DataComplexity/results/batch_failures.log --metrics all --pycol-distance-matrix auto --pycol-matrix-storage auto --pycol-matrix-dtype float64 --pycol-memmap-threshold-n 8145 --pycol-memmap-dir /home/aghil.hooshmand/projects/DataComplexity/results/pycol_memmap --pycol-parallel-heom 

ERROR: TypeError: Invalid value 'False' for dtype 'float64'
Traceback (most recent call last):
  File "/home/aghil.hooshmand/projects/DataComplexity/.venv/lib/python3.12/site-packages/pandas/core/frame.py", line 4911, in _set_value
    self._mgr.column_setitem(icol, iindex, value, inplace_only=True)
  File "/home/aghil.hooshmand/projects/DataComplexity/.venv/lib/python3.12/site-packages/pandas/core/internals/managers.py", line 1526, in column_setitem
    col_mgr.setitem_inplace(idx, value)
  File "/home/aghil.hooshmand/projects/DataComplexity/.venv/lib/python3.12/site-packages/pandas/core/internals/managers.py", line 2228, in setitem_inplace
    value = np_can_hold_element(arr.dtype, value)
            ^^^^^^^^^^^^^^^^^^^^^^^^^^^^^^^^^^^^^
  File "/home/aghil.hooshmand/projects/DataComplexity/.venv/lib/python3.12/site-packages/pandas/core/dtypes/cast.py", line 1792, in np_can_hold_element
    raise LossySetitemError
pandas.errors.LossySetitemError

During handling of the above exception, another exception occurred:

Traceback (most recent call last):
  File "/home/aghil.hooshmand/projects/DataComplexity/.venv/lib/python3.12/site-packages/pandas/core/internals/blocks.py", line 1115, in setitem
    casted = np_can_hold_element(values.dtype, value)
             ^^^^^^^^^^^^^^^^^^^^^^^^^^^^^^^^^^^^^^^^
  File "/home/aghil.hooshmand/projects/DataComplexity/.venv/lib/python3.12/site-packages/pandas/core/dtypes/cast.py", line 1792, in np_can_hold_element
    raise LossySetitemError
pandas.errors.LossySetitemError

During handling of the above exception, another exception occurred:

Traceback (most recent call last):
  File "/home/aghil.hooshmand/projects/DataComplexity/parallel_complexity_cli.py", line 443, in main
    )
      
  File "/home/aghil.hooshmand/projects/DataComplexity/parallel_complexity_cli.py", line 652, in _run_cli
    pycol_arg, custom_metrics=args.pycol_custom_metrics
        ^^^^^^^^^^^^^^^^^^^^^^^^^^^^^^^^^^^^^^^^^^^^^^^^
  File "/home/aghil.hooshmand/projects/DataComplexity/parallel_complexity_cli.py", line 313, in upsert_result_row
  File "/home/aghil.hooshmand/projects/DataComplexity/.venv/lib/python3.12/site-packages/pandas/core/indexing.py", line 2592, in __setitem__
    return super().__setitem__(key, value)
           ^^^^^^^^^^^^^^^^^^^^^^^^^^^^^^^
  File "/home/aghil.hooshmand/projects/DataComplexity/.venv/lib/python3.12/site-packages/pandas/core/indexing.py", line 2542, in __setitem__
    self.obj._set_value(*key, value=value, takeable=self._takeable)
  File "/home/aghil.hooshmand/projects/DataComplexity/.venv/lib/python3.12/site-packages/pandas/core/frame.py", line 4922, in _set_value
    self.loc[index, col] = value
    ~~~~~~~~^^^^^^^^^^^^
  File "/home/aghil.hooshmand/projects/DataComplexity/.venv/lib/python3.12/site-packages/pandas/core/indexing.py", line 938, in __setitem__
    iloc._setitem_with_indexer(indexer, value, self.name)
  File "/home/aghil.hooshmand/projects/DataComplexity/.venv/lib/python3.12/site-packages/pandas/core/indexing.py", line 1953, in _setitem_with_indexer
    self._setitem_with_indexer_split_path(indexer, value, name)
  File "/home/aghil.hooshmand/projects/DataComplexity/.venv/lib/python3.12/site-packages/pandas/core/indexing.py", line 2044, in _setitem_with_indexer_split_path
    self._setitem_single_column(loc, value, pi)
  File "/home/aghil.hooshmand/projects/DataComplexity/.venv/lib/python3.12/site-packages/pandas/core/indexing.py", line 2181, in _setitem_single_column
    self.obj._mgr.column_setitem(loc, plane_indexer, value)
  File "/home/aghil.hooshmand/projects/DataComplexity/.venv/lib/python3.12/site-packages/pandas/core/internals/managers.py", line 1528, in column_setitem
    new_mgr = col_mgr.setitem((idx,), value)
              ^^^^^^^^^^^^^^^^^^^^^^^^^^^^^^
  File "/home/aghil.hooshmand/projects/DataComplexity/.venv/lib/python3.12/site-packages/pandas/core/internals/managers.py", line 607, in setitem
    return self.apply("setitem", indexer=indexer, value=value)
           ^^^^^^^^^^^^^^^^^^^^^^^^^^^^^^^^^^^^^^^^^^^^^^^^^^^
  File "/home/aghil.hooshmand/projects/DataComplexity/.venv/lib/python3.12/site-packages/pandas/core/internals/managers.py", line 445, in apply
    applied = getattr(b, f)(**kwargs)
              ^^^^^^^^^^^^^^^^^^^^^^^
  File "/home/aghil.hooshmand/projects/DataComplexity/.venv/lib/python3.12/site-packages/pandas/core/internals/blocks.py", line 1118, in setitem
    nb = self.coerce_to_target_dtype(value, raise_on_upcast=True)
         ^^^^^^^^^^^^^^^^^^^^^^^^^^^^^^^^^^^^^^^^^^^^^^^^^^^^^^^^
  File "/home/aghil.hooshmand/projects/DataComplexity/.venv/lib/python3.12/site-packages/pandas/core/internals/blocks.py", line 468, in coerce_to_target_dtype
    raise TypeError(f"Invalid value '{other}' for dtype '{self.values.dtype}'")
TypeError: Invalid value 'False' for dtype 'float64'

Wrote error row to: /home/aghil.hooshmand/projects/DataComplexity/results/datasets_complexity_summary.csv

========== END 2026-06-20T12:29:33+01:00 exit=1 elapsed=160390s ==========

========== CLI ERROR twonorm.csv ==========
ref: /home/aghil.hooshmand/projects/DataComplexity/pmlb_DS/twonorm.csv
source: csv
TypeError: Invalid value 'False' for dtype 'float64'
Traceback (most recent call last):
  File "/home/aghil.hooshmand/projects/DataComplexity/.venv/lib/python3.12/site-packages/pandas/core/frame.py", line 4911, in _set_value
    self._mgr.column_setitem(icol, iindex, value, inplace_only=True)
  File "/home/aghil.hooshmand/projects/DataComplexity/.venv/lib/python3.12/site-packages/pandas/core/internals/managers.py", line 1526, in column_setitem
    col_mgr.setitem_inplace(idx, value)
  File "/home/aghil.hooshmand/projects/DataComplexity/.venv/lib/python3.12/site-packages/pandas/core/internals/managers.py", line 2228, in setitem_inplace
    value = np_can_hold_element(arr.dtype, value)
            ^^^^^^^^^^^^^^^^^^^^^^^^^^^^^^^^^^^^^
  File "/home/aghil.hooshmand/projects/DataComplexity/.venv/lib/python3.12/site-packages/pandas/core/dtypes/cast.py", line 1792, in np_can_hold_element
    raise LossySetitemError
pandas.errors.LossySetitemError

During handling of the above exception, another exception occurred:

Traceback (most recent call last):
  File "/home/aghil.hooshmand/projects/DataComplexity/.venv/lib/python3.12/site-packages/pandas/core/internals/blocks.py", line 1115, in setitem
    casted = np_can_hold_element(values.dtype, value)
             ^^^^^^^^^^^^^^^^^^^^^^^^^^^^^^^^^^^^^^^^
  File "/home/aghil.hooshmand/projects/DataComplexity/.venv/lib/python3.12/site-packages/pandas/core/dtypes/cast.py", line 1792, in np_can_hold_element
    raise LossySetitemError
pandas.errors.LossySetitemError

During handling of the above exception, another exception occurred:

Traceback (most recent call last):
  File "/home/aghil.hooshmand/projects/DataComplexity/parallel_complexity_cli.py", line 492, in main
    _run_cli(args)
  File "/home/aghil.hooshmand/projects/DataComplexity/parallel_complexity_cli.py", line 542, in _run_cli
    _run_cli_body(args, memmap_scratch_holder)
  File "/home/aghil.hooshmand/projects/DataComplexity/parallel_complexity_cli.py", line 762, in _run_cli_body
    merged_df = upsert_result_row(out_path, result, key_col=args.upsert_key)
                ^^^^^^^^^^^^^^^^^^^^^^^^^^^^^^^^^^^^^^^^^^^^^^^^^^^^^^^^^^^^
  File "/home/aghil.hooshmand/projects/DataComplexity/parallel_complexity_cli.py", line 328, in upsert_result_row
    existing.at[idx, col] = val
    ~~~~~~~~~~~^^^^^^^^^^
  File "/home/aghil.hooshmand/projects/DataComplexity/.venv/lib/python3.12/site-packages/pandas/core/indexing.py", line 2592, in __setitem__
    return super().__setitem__(key, value)
           ^^^^^^^^^^^^^^^^^^^^^^^^^^^^^^^
  File "/home/aghil.hooshmand/projects/DataComplexity/.venv/lib/python3.12/site-packages/pandas/core/indexing.py", line 2542, in __setitem__
    self.obj._set_value(*key, value=value, takeable=self._takeable)
  File "/home/aghil.hooshmand/projects/DataComplexity/.venv/lib/python3.12/site-packages/pandas/core/frame.py", line 4922, in _set_value
    self.loc[index, col] = value
    ~~~~~~~~^^^^^^^^^^^^
  File "/home/aghil.hooshmand/projects/DataComplexity/.venv/lib/python3.12/site-packages/pandas/core/indexing.py", line 938, in __setitem__
    iloc._setitem_with_indexer(indexer, value, self.name)
  File "/home/aghil.hooshmand/projects/DataComplexity/.venv/lib/python3.12/site-packages/pandas/core/indexing.py", line 1953, in _setitem_with_indexer
    self._setitem_with_indexer_split_path(indexer, value, name)
  File "/home/aghil.hooshmand/projects/DataComplexity/.venv/lib/python3.12/site-packages/pandas/core/indexing.py", line 2044, in _setitem_with_indexer_split_path
    self._setitem_single_column(loc, value, pi)
  File "/home/aghil.hooshmand/projects/DataComplexity/.venv/lib/python3.12/site-packages/pandas/core/indexing.py", line 2181, in _setitem_single_column
    self.obj._mgr.column_setitem(loc, plane_indexer, value)
  File "/home/aghil.hooshmand/projects/DataComplexity/.venv/lib/python3.12/site-packages/pandas/core/internals/managers.py", line 1528, in column_setitem
    new_mgr = col_mgr.setitem((idx,), value)
              ^^^^^^^^^^^^^^^^^^^^^^^^^^^^^^
  File "/home/aghil.hooshmand/projects/DataComplexity/.venv/lib/python3.12/site-packages/pandas/core/internals/managers.py", line 607, in setitem
    return self.apply("setitem", indexer=indexer, value=value)
           ^^^^^^^^^^^^^^^^^^^^^^^^^^^^^^^^^^^^^^^^^^^^^^^^^^^
  File "/home/aghil.hooshmand/projects/DataComplexity/.venv/lib/python3.12/site-packages/pandas/core/internals/managers.py", line 445, in apply
    applied = getattr(b, f)(**kwargs)
              ^^^^^^^^^^^^^^^^^^^^^^^
  File "/home/aghil.hooshmand/projects/DataComplexity/.venv/lib/python3.12/site-packages/pandas/core/internals/blocks.py", line 1118, in setitem
    nb = self.coerce_to_target_dtype(value, raise_on_upcast=True)
         ^^^^^^^^^^^^^^^^^^^^^^^^^^^^^^^^^^^^^^^^^^^^^^^^^^^^^^^^
  File "/home/aghil.hooshmand/projects/DataComplexity/.venv/lib/python3.12/site-packages/pandas/core/internals/blocks.py", line 468, in coerce_to_target_dtype
    raise TypeError(f"Invalid value '{other}' for dtype '{self.values.dtype}'")
TypeError: Invalid value 'False' for dtype 'float64'

========== 2026-06-20T18:11:43+01:00 FAILED exit=1 elapsed=20530s  ==========
session: 2026-06-18T15:56:23+01:00
dataset: twonorm.csv
ref: /home/aghil.hooshmand/projects/DataComplexity/pmlb_DS/twonorm.csv
command: /home/aghil.hooshmand/projects/DataComplexity/.venv/bin/python /home/aghil.hooshmand/projects/DataComplexity/parallel_complexity_cli.py --source csv --ref /home/aghil.hooshmand/projects/DataComplexity/pmlb_DS/twonorm.csv --label-column target --library pycol --n-jobs 63 --missing-values impute_median --output-csv /home/aghil.hooshmand/projects/DataComplexity/results/datasets_complexity_summary.csv --upsert-key dataset_file --failure-log /home/aghil.hooshmand/projects/DataComplexity/results/batch_failures.log --metrics cheap --pycol-distance-matrix auto --pycol-parallel-heom 

========== START 2026-06-20T12:29:33+01:00 [2/7] ==========
ref: /home/aghil.hooshmand/projects/DataComplexity/pmlb_DS/twonorm.csv
/home/aghil.hooshmand/projects/DataComplexity/.venv/bin/python /home/aghil.hooshmand/projects/DataComplexity/parallel_complexity_cli.py --source csv --ref /home/aghil.hooshmand/projects/DataComplexity/pmlb_DS/twonorm.csv --label-column target --library pycol --n-jobs 63 --missing-values impute_median --output-csv /home/aghil.hooshmand/projects/DataComplexity/results/datasets_complexity_summary.csv --upsert-key dataset_file --failure-log /home/aghil.hooshmand/projects/DataComplexity/results/batch_failures.log --metrics cheap --pycol-distance-matrix auto --pycol-parallel-heom 

ERROR: TypeError: Invalid value 'False' for dtype 'float64'
Traceback (most recent call last):
  File "/home/aghil.hooshmand/projects/DataComplexity/.venv/lib/python3.12/site-packages/pandas/core/frame.py", line 4911, in _set_value
    self._mgr.column_setitem(icol, iindex, value, inplace_only=True)
  File "/home/aghil.hooshmand/projects/DataComplexity/.venv/lib/python3.12/site-packages/pandas/core/internals/managers.py", line 1526, in column_setitem
    col_mgr.setitem_inplace(idx, value)
  File "/home/aghil.hooshmand/projects/DataComplexity/.venv/lib/python3.12/site-packages/pandas/core/internals/managers.py", line 2228, in setitem_inplace
    value = np_can_hold_element(arr.dtype, value)
            ^^^^^^^^^^^^^^^^^^^^^^^^^^^^^^^^^^^^^
  File "/home/aghil.hooshmand/projects/DataComplexity/.venv/lib/python3.12/site-packages/pandas/core/dtypes/cast.py", line 1792, in np_can_hold_element
    raise LossySetitemError
pandas.errors.LossySetitemError

During handling of the above exception, another exception occurred:

Traceback (most recent call last):
  File "/home/aghil.hooshmand/projects/DataComplexity/.venv/lib/python3.12/site-packages/pandas/core/internals/blocks.py", line 1115, in setitem
    casted = np_can_hold_element(values.dtype, value)
             ^^^^^^^^^^^^^^^^^^^^^^^^^^^^^^^^^^^^^^^^
  File "/home/aghil.hooshmand/projects/DataComplexity/.venv/lib/python3.12/site-packages/pandas/core/dtypes/cast.py", line 1792, in np_can_hold_element
    raise LossySetitemError
pandas.errors.LossySetitemError

During handling of the above exception, another exception occurred:

Traceback (most recent call last):
  File "/home/aghil.hooshmand/projects/DataComplexity/parallel_complexity_cli.py", line 492, in main
    _run_cli(args)
  File "/home/aghil.hooshmand/projects/DataComplexity/parallel_complexity_cli.py", line 542, in _run_cli
    _run_cli_body(args, memmap_scratch_holder)
  File "/home/aghil.hooshmand/projects/DataComplexity/parallel_complexity_cli.py", line 762, in _run_cli_body
    merged_df = upsert_result_row(out_path, result, key_col=args.upsert_key)
                ^^^^^^^^^^^^^^^^^^^^^^^^^^^^^^^^^^^^^^^^^^^^^^^^^^^^^^^^^^^^
  File "/home/aghil.hooshmand/projects/DataComplexity/parallel_complexity_cli.py", line 328, in upsert_result_row
    existing.at[idx, col] = val
    ~~~~~~~~~~~^^^^^^^^^^
  File "/home/aghil.hooshmand/projects/DataComplexity/.venv/lib/python3.12/site-packages/pandas/core/indexing.py", line 2592, in __setitem__
    return super().__setitem__(key, value)
           ^^^^^^^^^^^^^^^^^^^^^^^^^^^^^^^
  File "/home/aghil.hooshmand/projects/DataComplexity/.venv/lib/python3.12/site-packages/pandas/core/indexing.py", line 2542, in __setitem__
    self.obj._set_value(*key, value=value, takeable=self._takeable)
  File "/home/aghil.hooshmand/projects/DataComplexity/.venv/lib/python3.12/site-packages/pandas/core/frame.py", line 4922, in _set_value
    self.loc[index, col] = value
    ~~~~~~~~^^^^^^^^^^^^
  File "/home/aghil.hooshmand/projects/DataComplexity/.venv/lib/python3.12/site-packages/pandas/core/indexing.py", line 938, in __setitem__
    iloc._setitem_with_indexer(indexer, value, self.name)
  File "/home/aghil.hooshmand/projects/DataComplexity/.venv/lib/python3.12/site-packages/pandas/core/indexing.py", line 1953, in _setitem_with_indexer
    self._setitem_with_indexer_split_path(indexer, value, name)
  File "/home/aghil.hooshmand/projects/DataComplexity/.venv/lib/python3.12/site-packages/pandas/core/indexing.py", line 2044, in _setitem_with_indexer_split_path
    self._setitem_single_column(loc, value, pi)
  File "/home/aghil.hooshmand/projects/DataComplexity/.venv/lib/python3.12/site-packages/pandas/core/indexing.py", line 2181, in _setitem_single_column
    self.obj._mgr.column_setitem(loc, plane_indexer, value)
  File "/home/aghil.hooshmand/projects/DataComplexity/.venv/lib/python3.12/site-packages/pandas/core/internals/managers.py", line 1528, in column_setitem
    new_mgr = col_mgr.setitem((idx,), value)
              ^^^^^^^^^^^^^^^^^^^^^^^^^^^^^^
  File "/home/aghil.hooshmand/projects/DataComplexity/.venv/lib/python3.12/site-packages/pandas/core/internals/managers.py", line 607, in setitem
    return self.apply("setitem", indexer=indexer, value=value)
           ^^^^^^^^^^^^^^^^^^^^^^^^^^^^^^^^^^^^^^^^^^^^^^^^^^^
  File "/home/aghil.hooshmand/projects/DataComplexity/.venv/lib/python3.12/site-packages/pandas/core/internals/managers.py", line 445, in apply
    applied = getattr(b, f)(**kwargs)
              ^^^^^^^^^^^^^^^^^^^^^^^
  File "/home/aghil.hooshmand/projects/DataComplexity/.venv/lib/python3.12/site-packages/pandas/core/internals/blocks.py", line 1118, in setitem
    nb = self.coerce_to_target_dtype(value, raise_on_upcast=True)
         ^^^^^^^^^^^^^^^^^^^^^^^^^^^^^^^^^^^^^^^^^^^^^^^^^^^^^^^^
  File "/home/aghil.hooshmand/projects/DataComplexity/.venv/lib/python3.12/site-packages/pandas/core/internals/blocks.py", line 468, in coerce_to_target_dtype
    raise TypeError(f"Invalid value '{other}' for dtype '{self.values.dtype}'")
TypeError: Invalid value 'False' for dtype 'float64'

Wrote error row to: /home/aghil.hooshmand/projects/DataComplexity/results/datasets_complexity_summary.csv

========== END 2026-06-20T18:11:43+01:00 exit=1 elapsed=20530s ==========

========== CLI ERROR mushroom.csv ==========
ref: /home/aghil.hooshmand/projects/DataComplexity/pmlb_DS/mushroom.csv
source: csv
TypeError: Invalid value 'False' for dtype 'float64'
Traceback (most recent call last):
  File "/home/aghil.hooshmand/projects/DataComplexity/.venv/lib/python3.12/site-packages/pandas/core/frame.py", line 4911, in _set_value
    self._mgr.column_setitem(icol, iindex, value, inplace_only=True)
  File "/home/aghil.hooshmand/projects/DataComplexity/.venv/lib/python3.12/site-packages/pandas/core/internals/managers.py", line 1526, in column_setitem
    col_mgr.setitem_inplace(idx, value)
  File "/home/aghil.hooshmand/projects/DataComplexity/.venv/lib/python3.12/site-packages/pandas/core/internals/managers.py", line 2228, in setitem_inplace
    value = np_can_hold_element(arr.dtype, value)
            ^^^^^^^^^^^^^^^^^^^^^^^^^^^^^^^^^^^^^
  File "/home/aghil.hooshmand/projects/DataComplexity/.venv/lib/python3.12/site-packages/pandas/core/dtypes/cast.py", line 1792, in np_can_hold_element
    raise LossySetitemError
pandas.errors.LossySetitemError

During handling of the above exception, another exception occurred:

Traceback (most recent call last):
  File "/home/aghil.hooshmand/projects/DataComplexity/.venv/lib/python3.12/site-packages/pandas/core/internals/blocks.py", line 1115, in setitem
    casted = np_can_hold_element(values.dtype, value)
             ^^^^^^^^^^^^^^^^^^^^^^^^^^^^^^^^^^^^^^^^
  File "/home/aghil.hooshmand/projects/DataComplexity/.venv/lib/python3.12/site-packages/pandas/core/dtypes/cast.py", line 1792, in np_can_hold_element
    raise LossySetitemError
pandas.errors.LossySetitemError

During handling of the above exception, another exception occurred:

Traceback (most recent call last):
  File "/home/aghil.hooshmand/projects/DataComplexity/parallel_complexity_cli.py", line 492, in main
    _run_cli(args)
  File "/home/aghil.hooshmand/projects/DataComplexity/parallel_complexity_cli.py", line 542, in _run_cli
    _run_cli_body(args, memmap_scratch_holder)
  File "/home/aghil.hooshmand/projects/DataComplexity/parallel_complexity_cli.py", line 762, in _run_cli_body
    merged_df = upsert_result_row(out_path, result, key_col=args.upsert_key)
                ^^^^^^^^^^^^^^^^^^^^^^^^^^^^^^^^^^^^^^^^^^^^^^^^^^^^^^^^^^^^
  File "/home/aghil.hooshmand/projects/DataComplexity/parallel_complexity_cli.py", line 328, in upsert_result_row
    existing.at[idx, col] = val
    ~~~~~~~~~~~^^^^^^^^^^
  File "/home/aghil.hooshmand/projects/DataComplexity/.venv/lib/python3.12/site-packages/pandas/core/indexing.py", line 2592, in __setitem__
    return super().__setitem__(key, value)
           ^^^^^^^^^^^^^^^^^^^^^^^^^^^^^^^
  File "/home/aghil.hooshmand/projects/DataComplexity/.venv/lib/python3.12/site-packages/pandas/core/indexing.py", line 2542, in __setitem__
    self.obj._set_value(*key, value=value, takeable=self._takeable)
  File "/home/aghil.hooshmand/projects/DataComplexity/.venv/lib/python3.12/site-packages/pandas/core/frame.py", line 4922, in _set_value
    self.loc[index, col] = value
    ~~~~~~~~^^^^^^^^^^^^
  File "/home/aghil.hooshmand/projects/DataComplexity/.venv/lib/python3.12/site-packages/pandas/core/indexing.py", line 938, in __setitem__
    iloc._setitem_with_indexer(indexer, value, self.name)
  File "/home/aghil.hooshmand/projects/DataComplexity/.venv/lib/python3.12/site-packages/pandas/core/indexing.py", line 1953, in _setitem_with_indexer
    self._setitem_with_indexer_split_path(indexer, value, name)
  File "/home/aghil.hooshmand/projects/DataComplexity/.venv/lib/python3.12/site-packages/pandas/core/indexing.py", line 2044, in _setitem_with_indexer_split_path
    self._setitem_single_column(loc, value, pi)
  File "/home/aghil.hooshmand/projects/DataComplexity/.venv/lib/python3.12/site-packages/pandas/core/indexing.py", line 2181, in _setitem_single_column
    self.obj._mgr.column_setitem(loc, plane_indexer, value)
  File "/home/aghil.hooshmand/projects/DataComplexity/.venv/lib/python3.12/site-packages/pandas/core/internals/managers.py", line 1528, in column_setitem
    new_mgr = col_mgr.setitem((idx,), value)
              ^^^^^^^^^^^^^^^^^^^^^^^^^^^^^^
  File "/home/aghil.hooshmand/projects/DataComplexity/.venv/lib/python3.12/site-packages/pandas/core/internals/managers.py", line 607, in setitem
    return self.apply("setitem", indexer=indexer, value=value)
           ^^^^^^^^^^^^^^^^^^^^^^^^^^^^^^^^^^^^^^^^^^^^^^^^^^^
  File "/home/aghil.hooshmand/projects/DataComplexity/.venv/lib/python3.12/site-packages/pandas/core/internals/managers.py", line 445, in apply
    applied = getattr(b, f)(**kwargs)
              ^^^^^^^^^^^^^^^^^^^^^^^
  File "/home/aghil.hooshmand/projects/DataComplexity/.venv/lib/python3.12/site-packages/pandas/core/internals/blocks.py", line 1118, in setitem
    nb = self.coerce_to_target_dtype(value, raise_on_upcast=True)
         ^^^^^^^^^^^^^^^^^^^^^^^^^^^^^^^^^^^^^^^^^^^^^^^^^^^^^^^^
  File "/home/aghil.hooshmand/projects/DataComplexity/.venv/lib/python3.12/site-packages/pandas/core/internals/blocks.py", line 468, in coerce_to_target_dtype
    raise TypeError(f"Invalid value '{other}' for dtype '{self.values.dtype}'")
TypeError: Invalid value 'False' for dtype 'float64'

========== 2026-06-20T20:11:31+01:00 FAILED exit=1 elapsed=7188s  ==========
session: 2026-06-18T15:56:23+01:00
dataset: mushroom.csv
ref: /home/aghil.hooshmand/projects/DataComplexity/pmlb_DS/mushroom.csv
command: /home/aghil.hooshmand/projects/DataComplexity/.venv/bin/python /home/aghil.hooshmand/projects/DataComplexity/parallel_complexity_cli.py --source csv --ref /home/aghil.hooshmand/projects/DataComplexity/pmlb_DS/mushroom.csv --label-column target --library pycol --n-jobs 63 --missing-values impute_median --output-csv /home/aghil.hooshmand/projects/DataComplexity/results/datasets_complexity_summary.csv --upsert-key dataset_file --failure-log /home/aghil.hooshmand/projects/DataComplexity/results/batch_failures.log --metrics cheap --pycol-distance-matrix auto --pycol-parallel-heom 

========== START 2026-06-20T18:11:43+01:00 [3/7] ==========
ref: /home/aghil.hooshmand/projects/DataComplexity/pmlb_DS/mushroom.csv
/home/aghil.hooshmand/projects/DataComplexity/.venv/bin/python /home/aghil.hooshmand/projects/DataComplexity/parallel_complexity_cli.py --source csv --ref /home/aghil.hooshmand/projects/DataComplexity/pmlb_DS/mushroom.csv --label-column target --library pycol --n-jobs 63 --missing-values impute_median --output-csv /home/aghil.hooshmand/projects/DataComplexity/results/datasets_complexity_summary.csv --upsert-key dataset_file --failure-log /home/aghil.hooshmand/projects/DataComplexity/results/batch_failures.log --metrics cheap --pycol-distance-matrix auto --pycol-parallel-heom 

/home/aghil.hooshmand/projects/DataComplexity/.venv/lib/python3.12/site-packages/pycol_complexity/complexity.py:2286: RuntimeWarning: invalid value encountered in divide
  f1 = ((avg_c1-avg_c2)**2)/(std_c1**2+std_c2**2)
/home/aghil.hooshmand/projects/DataComplexity/.venv/lib/python3.12/site-packages/pycol_complexity/complexity.py:2409: RuntimeWarning: invalid value encountered in divide
  n_d = numer/denom
ERROR: TypeError: Invalid value 'False' for dtype 'float64'
Traceback (most recent call last):
  File "/home/aghil.hooshmand/projects/DataComplexity/.venv/lib/python3.12/site-packages/pandas/core/frame.py", line 4911, in _set_value
    self._mgr.column_setitem(icol, iindex, value, inplace_only=True)
  File "/home/aghil.hooshmand/projects/DataComplexity/.venv/lib/python3.12/site-packages/pandas/core/internals/managers.py", line 1526, in column_setitem
    col_mgr.setitem_inplace(idx, value)
  File "/home/aghil.hooshmand/projects/DataComplexity/.venv/lib/python3.12/site-packages/pandas/core/internals/managers.py", line 2228, in setitem_inplace
    value = np_can_hold_element(arr.dtype, value)
            ^^^^^^^^^^^^^^^^^^^^^^^^^^^^^^^^^^^^^
  File "/home/aghil.hooshmand/projects/DataComplexity/.venv/lib/python3.12/site-packages/pandas/core/dtypes/cast.py", line 1792, in np_can_hold_element
    raise LossySetitemError
pandas.errors.LossySetitemError

During handling of the above exception, another exception occurred:

Traceback (most recent call last):
  File "/home/aghil.hooshmand/projects/DataComplexity/.venv/lib/python3.12/site-packages/pandas/core/internals/blocks.py", line 1115, in setitem
    casted = np_can_hold_element(values.dtype, value)
             ^^^^^^^^^^^^^^^^^^^^^^^^^^^^^^^^^^^^^^^^
  File "/home/aghil.hooshmand/projects/DataComplexity/.venv/lib/python3.12/site-packages/pandas/core/dtypes/cast.py", line 1792, in np_can_hold_element
    raise LossySetitemError
pandas.errors.LossySetitemError

During handling of the above exception, another exception occurred:

Traceback (most recent call last):
  File "/home/aghil.hooshmand/projects/DataComplexity/parallel_complexity_cli.py", line 492, in main
    _run_cli(args)
  File "/home/aghil.hooshmand/projects/DataComplexity/parallel_complexity_cli.py", line 542, in _run_cli
    _run_cli_body(args, memmap_scratch_holder)
  File "/home/aghil.hooshmand/projects/DataComplexity/parallel_complexity_cli.py", line 762, in _run_cli_body
    merged_df = upsert_result_row(out_path, result, key_col=args.upsert_key)
                ^^^^^^^^^^^^^^^^^^^^^^^^^^^^^^^^^^^^^^^^^^^^^^^^^^^^^^^^^^^^
  File "/home/aghil.hooshmand/projects/DataComplexity/parallel_complexity_cli.py", line 328, in upsert_result_row
    existing.at[idx, col] = val
    ~~~~~~~~~~~^^^^^^^^^^
  File "/home/aghil.hooshmand/projects/DataComplexity/.venv/lib/python3.12/site-packages/pandas/core/indexing.py", line 2592, in __setitem__
    return super().__setitem__(key, value)
           ^^^^^^^^^^^^^^^^^^^^^^^^^^^^^^^
  File "/home/aghil.hooshmand/projects/DataComplexity/.venv/lib/python3.12/site-packages/pandas/core/indexing.py", line 2542, in __setitem__
    self.obj._set_value(*key, value=value, takeable=self._takeable)
  File "/home/aghil.hooshmand/projects/DataComplexity/.venv/lib/python3.12/site-packages/pandas/core/frame.py", line 4922, in _set_value
    self.loc[index, col] = value
    ~~~~~~~~^^^^^^^^^^^^
  File "/home/aghil.hooshmand/projects/DataComplexity/.venv/lib/python3.12/site-packages/pandas/core/indexing.py", line 938, in __setitem__
    iloc._setitem_with_indexer(indexer, value, self.name)
  File "/home/aghil.hooshmand/projects/DataComplexity/.venv/lib/python3.12/site-packages/pandas/core/indexing.py", line 1953, in _setitem_with_indexer
    self._setitem_with_indexer_split_path(indexer, value, name)
  File "/home/aghil.hooshmand/projects/DataComplexity/.venv/lib/python3.12/site-packages/pandas/core/indexing.py", line 2044, in _setitem_with_indexer_split_path
    self._setitem_single_column(loc, value, pi)
  File "/home/aghil.hooshmand/projects/DataComplexity/.venv/lib/python3.12/site-packages/pandas/core/indexing.py", line 2181, in _setitem_single_column
    self.obj._mgr.column_setitem(loc, plane_indexer, value)
  File "/home/aghil.hooshmand/projects/DataComplexity/.venv/lib/python3.12/site-packages/pandas/core/internals/managers.py", line 1528, in column_setitem
    new_mgr = col_mgr.setitem((idx,), value)
              ^^^^^^^^^^^^^^^^^^^^^^^^^^^^^^
  File "/home/aghil.hooshmand/projects/DataComplexity/.venv/lib/python3.12/site-packages/pandas/core/internals/managers.py", line 607, in setitem
    return self.apply("setitem", indexer=indexer, value=value)
           ^^^^^^^^^^^^^^^^^^^^^^^^^^^^^^^^^^^^^^^^^^^^^^^^^^^
  File "/home/aghil.hooshmand/projects/DataComplexity/.venv/lib/python3.12/site-packages/pandas/core/internals/managers.py", line 445, in apply
    applied = getattr(b, f)(**kwargs)
              ^^^^^^^^^^^^^^^^^^^^^^^
  File "/home/aghil.hooshmand/projects/DataComplexity/.venv/lib/python3.12/site-packages/pandas/core/internals/blocks.py", line 1118, in setitem
    nb = self.coerce_to_target_dtype(value, raise_on_upcast=True)
         ^^^^^^^^^^^^^^^^^^^^^^^^^^^^^^^^^^^^^^^^^^^^^^^^^^^^^^^^
  File "/home/aghil.hooshmand/projects/DataComplexity/.venv/lib/python3.12/site-packages/pandas/core/internals/blocks.py", line 468, in coerce_to_target_dtype
    raise TypeError(f"Invalid value '{other}' for dtype '{self.values.dtype}'")
TypeError: Invalid value 'False' for dtype 'float64'

Wrote error row to: /home/aghil.hooshmand/projects/DataComplexity/results/datasets_complexity_summary.csv

========== END 2026-06-20T20:11:31+01:00 exit=1 elapsed=7188s ==========

========== CLI ERROR ring.csv ==========
ref: /home/aghil.hooshmand/projects/DataComplexity/pmlb_DS/ring.csv
source: csv
TypeError: Invalid value 'False' for dtype 'float64'
Traceback (most recent call last):
  File "/home/aghil.hooshmand/projects/DataComplexity/.venv/lib/python3.12/site-packages/pandas/core/frame.py", line 4911, in _set_value
    self._mgr.column_setitem(icol, iindex, value, inplace_only=True)
  File "/home/aghil.hooshmand/projects/DataComplexity/.venv/lib/python3.12/site-packages/pandas/core/internals/managers.py", line 1526, in column_setitem
    col_mgr.setitem_inplace(idx, value)
  File "/home/aghil.hooshmand/projects/DataComplexity/.venv/lib/python3.12/site-packages/pandas/core/internals/managers.py", line 2228, in setitem_inplace
    value = np_can_hold_element(arr.dtype, value)
            ^^^^^^^^^^^^^^^^^^^^^^^^^^^^^^^^^^^^^
  File "/home/aghil.hooshmand/projects/DataComplexity/.venv/lib/python3.12/site-packages/pandas/core/dtypes/cast.py", line 1792, in np_can_hold_element
    raise LossySetitemError
pandas.errors.LossySetitemError

During handling of the above exception, another exception occurred:

Traceback (most recent call last):
  File "/home/aghil.hooshmand/projects/DataComplexity/.venv/lib/python3.12/site-packages/pandas/core/internals/blocks.py", line 1115, in setitem
    casted = np_can_hold_element(values.dtype, value)
             ^^^^^^^^^^^^^^^^^^^^^^^^^^^^^^^^^^^^^^^^
  File "/home/aghil.hooshmand/projects/DataComplexity/.venv/lib/python3.12/site-packages/pandas/core/dtypes/cast.py", line 1792, in np_can_hold_element
    raise LossySetitemError
pandas.errors.LossySetitemError

During handling of the above exception, another exception occurred:

Traceback (most recent call last):
  File "/home/aghil.hooshmand/projects/DataComplexity/parallel_complexity_cli.py", line 492, in main
    _run_cli(args)
  File "/home/aghil.hooshmand/projects/DataComplexity/parallel_complexity_cli.py", line 542, in _run_cli
    _run_cli_body(args, memmap_scratch_holder)
  File "/home/aghil.hooshmand/projects/DataComplexity/parallel_complexity_cli.py", line 762, in _run_cli_body
    merged_df = upsert_result_row(out_path, result, key_col=args.upsert_key)
                ^^^^^^^^^^^^^^^^^^^^^^^^^^^^^^^^^^^^^^^^^^^^^^^^^^^^^^^^^^^^
  File "/home/aghil.hooshmand/projects/DataComplexity/parallel_complexity_cli.py", line 328, in upsert_result_row
    existing.at[idx, col] = val
    ~~~~~~~~~~~^^^^^^^^^^
  File "/home/aghil.hooshmand/projects/DataComplexity/.venv/lib/python3.12/site-packages/pandas/core/indexing.py", line 2592, in __setitem__
    return super().__setitem__(key, value)
           ^^^^^^^^^^^^^^^^^^^^^^^^^^^^^^^
  File "/home/aghil.hooshmand/projects/DataComplexity/.venv/lib/python3.12/site-packages/pandas/core/indexing.py", line 2542, in __setitem__
    self.obj._set_value(*key, value=value, takeable=self._takeable)
  File "/home/aghil.hooshmand/projects/DataComplexity/.venv/lib/python3.12/site-packages/pandas/core/frame.py", line 4922, in _set_value
    self.loc[index, col] = value
    ~~~~~~~~^^^^^^^^^^^^
  File "/home/aghil.hooshmand/projects/DataComplexity/.venv/lib/python3.12/site-packages/pandas/core/indexing.py", line 938, in __setitem__
    iloc._setitem_with_indexer(indexer, value, self.name)
  File "/home/aghil.hooshmand/projects/DataComplexity/.venv/lib/python3.12/site-packages/pandas/core/indexing.py", line 1953, in _setitem_with_indexer
    self._setitem_with_indexer_split_path(indexer, value, name)
  File "/home/aghil.hooshmand/projects/DataComplexity/.venv/lib/python3.12/site-packages/pandas/core/indexing.py", line 2044, in _setitem_with_indexer_split_path
    self._setitem_single_column(loc, value, pi)
  File "/home/aghil.hooshmand/projects/DataComplexity/.venv/lib/python3.12/site-packages/pandas/core/indexing.py", line 2181, in _setitem_single_column
    self.obj._mgr.column_setitem(loc, plane_indexer, value)
  File "/home/aghil.hooshmand/projects/DataComplexity/.venv/lib/python3.12/site-packages/pandas/core/internals/managers.py", line 1528, in column_setitem
    new_mgr = col_mgr.setitem((idx,), value)
              ^^^^^^^^^^^^^^^^^^^^^^^^^^^^^^
  File "/home/aghil.hooshmand/projects/DataComplexity/.venv/lib/python3.12/site-packages/pandas/core/internals/managers.py", line 607, in setitem
    return self.apply("setitem", indexer=indexer, value=value)
           ^^^^^^^^^^^^^^^^^^^^^^^^^^^^^^^^^^^^^^^^^^^^^^^^^^^
  File "/home/aghil.hooshmand/projects/DataComplexity/.venv/lib/python3.12/site-packages/pandas/core/internals/managers.py", line 445, in apply
    applied = getattr(b, f)(**kwargs)
              ^^^^^^^^^^^^^^^^^^^^^^^
  File "/home/aghil.hooshmand/projects/DataComplexity/.venv/lib/python3.12/site-packages/pandas/core/internals/blocks.py", line 1118, in setitem
    nb = self.coerce_to_target_dtype(value, raise_on_upcast=True)
         ^^^^^^^^^^^^^^^^^^^^^^^^^^^^^^^^^^^^^^^^^^^^^^^^^^^^^^^^
  File "/home/aghil.hooshmand/projects/DataComplexity/.venv/lib/python3.12/site-packages/pandas/core/internals/blocks.py", line 468, in coerce_to_target_dtype
    raise TypeError(f"Invalid value '{other}' for dtype '{self.values.dtype}'")
TypeError: Invalid value 'False' for dtype 'float64'

========== 2026-06-20T22:08:31+01:00 FAILED exit=1 elapsed=157196s  ==========
session: 2026-06-19T02:28:35+01:00
dataset: ring.csv
ref: /home/aghil.hooshmand/projects/DataComplexity/pmlb_DS/ring.csv
command: /home/aghil.hooshmand/projects/DataComplexity/.venv/bin/python /home/aghil.hooshmand/projects/DataComplexity/parallel_complexity_cli.py --source csv --ref /home/aghil.hooshmand/projects/DataComplexity/pmlb_DS/ring.csv --label-column target --library pycol --n-jobs 32 --missing-values impute_median --output-csv /home/aghil.hooshmand/projects/DataComplexity/results/datasets_complexity_summary.csv --upsert-key dataset_file --failure-log /home/aghil.hooshmand/projects/DataComplexity/results/batch_failures.log --metrics all --pycol-distance-matrix auto --pycol-matrix-storage auto --pycol-matrix-dtype float64 --pycol-memmap-threshold-n 8145 --pycol-memmap-dir /home/aghil.hooshmand/projects/DataComplexity/results/pycol_memmap --pycol-parallel-heom 

    nb = self.coerce_to_target_dtype(value, raise_on_upcast=True)
         ^^^^^^^^^^^^^^^^^^^^^^^^^^^^^^^^^^^^^^^^^^^^^^^^^^^^^^^^
  File "/home/aghil.hooshmand/projects/DataComplexity/.venv/lib/python3.12/site-packages/pandas/core/internals/blocks.py", line 468, in coerce_to_target_dtype
    raise TypeError(f"Invalid value '{other}' for dtype '{self.values.dtype}'")
TypeError: Invalid value 'False' for dtype 'float64'

Wrote error row to: /home/aghil.hooshmand/projects/DataComplexity/results/datasets_complexity_summary.csv

========== END 2026-06-20T12:29:33+01:00 exit=1 elapsed=160390s ==========
ERROR: TypeError: Invalid value 'False' for dtype 'float64'
Traceback (most recent call last):
  File "/home/aghil.hooshmand/projects/DataComplexity/.venv/lib/python3.12/site-packages/pandas/core/frame.py", line 4911, in _set_value
    self._mgr.column_setitem(icol, iindex, value, inplace_only=True)
  File "/home/aghil.hooshmand/projects/DataComplexity/.venv/lib/python3.12/site-packages/pandas/core/internals/managers.py", line 1526, in column_setitem
    col_mgr.setitem_inplace(idx, value)
  File "/home/aghil.hooshmand/projects/DataComplexity/.venv/lib/python3.12/site-packages/pandas/core/internals/managers.py", line 2228, in setitem_inplace
    value = np_can_hold_element(arr.dtype, value)
            ^^^^^^^^^^^^^^^^^^^^^^^^^^^^^^^^^^^^^
  File "/home/aghil.hooshmand/projects/DataComplexity/.venv/lib/python3.12/site-packages/pandas/core/dtypes/cast.py", line 1792, in np_can_hold_element
    raise LossySetitemError
pandas.errors.LossySetitemError

During handling of the above exception, another exception occurred:

Traceback (most recent call last):
  File "/home/aghil.hooshmand/projects/DataComplexity/.venv/lib/python3.12/site-packages/pandas/core/internals/blocks.py", line 1115, in setitem
    casted = np_can_hold_element(values.dtype, value)
             ^^^^^^^^^^^^^^^^^^^^^^^^^^^^^^^^^^^^^^^^
  File "/home/aghil.hooshmand/projects/DataComplexity/.venv/lib/python3.12/site-packages/pandas/core/dtypes/cast.py", line 1792, in np_can_hold_element
    raise LossySetitemError
pandas.errors.LossySetitemError

During handling of the above exception, another exception occurred:

Traceback (most recent call last):
  File "/home/aghil.hooshmand/projects/DataComplexity/parallel_complexity_cli.py", line 492, in main
    _run_cli(args)
  File "/home/aghil.hooshmand/projects/DataComplexity/parallel_complexity_cli.py", line 542, in _run_cli
    _run_cli_body(args, memmap_scratch_holder)
  File "/home/aghil.hooshmand/projects/DataComplexity/parallel_complexity_cli.py", line 762, in _run_cli_body
    merged_df = upsert_result_row(out_path, result, key_col=args.upsert_key)
                ^^^^^^^^^^^^^^^^^^^^^^^^^^^^^^^^^^^^^^^^^^^^^^^^^^^^^^^^^^^^
  File "/home/aghil.hooshmand/projects/DataComplexity/parallel_complexity_cli.py", line 328, in upsert_result_row
    existing.at[idx, col] = val
    ~~~~~~~~~~~^^^^^^^^^^
  File "/home/aghil.hooshmand/projects/DataComplexity/.venv/lib/python3.12/site-packages/pandas/core/indexing.py", line 2592, in __setitem__
    return super().__setitem__(key, value)
           ^^^^^^^^^^^^^^^^^^^^^^^^^^^^^^^
  File "/home/aghil.hooshmand/projects/DataComplexity/.venv/lib/python3.12/site-packages/pandas/core/indexing.py", line 2542, in __setitem__
    self.obj._set_value(*key, value=value, takeable=self._takeable)
  File "/home/aghil.hooshmand/projects/DataComplexity/.venv/lib/python3.12/site-packages/pandas/core/frame.py", line 4922, in _set_value
    self.loc[index, col] = value
    ~~~~~~~~^^^^^^^^^^^^
  File "/home/aghil.hooshmand/projects/DataComplexity/.venv/lib/python3.12/site-packages/pandas/core/indexing.py", line 938, in __setitem__
    iloc._setitem_with_indexer(indexer, value, self.name)
  File "/home/aghil.hooshmand/projects/DataComplexity/.venv/lib/python3.12/site-packages/pandas/core/indexing.py", line 1953, in _setitem_with_indexer
    self._setitem_with_indexer_split_path(indexer, value, name)
  File "/home/aghil.hooshmand/projects/DataComplexity/.venv/lib/python3.12/site-packages/pandas/core/indexing.py", line 2044, in _setitem_with_indexer_split_path
    self._setitem_single_column(loc, value, pi)
  File "/home/aghil.hooshmand/projects/DataComplexity/.venv/lib/python3.12/site-packages/pandas/core/indexing.py", line 2181, in _setitem_single_column
    self.obj._mgr.column_setitem(loc, plane_indexer, value)
  File "/home/aghil.hooshmand/projects/DataComplexity/.venv/lib/python3.12/site-packages/pandas/core/internals/managers.py", line 1528, in column_setitem
    new_mgr = col_mgr.setitem((idx,), value)
              ^^^^^^^^^^^^^^^^^^^^^^^^^^^^^^
  File "/home/aghil.hooshmand/projects/DataComplexity/.venv/lib/python3.12/site-packages/pandas/core/internals/managers.py", line 607, in setitem
    return self.apply("setitem", indexer=indexer, value=value)
           ^^^^^^^^^^^^^^^^^^^^^^^^^^^^^^^^^^^^^^^^^^^^^^^^^^^
  File "/home/aghil.hooshmand/projects/DataComplexity/.venv/lib/python3.12/site-packages/pandas/core/internals/managers.py", line 445, in apply
    applied = getattr(b, f)(**kwargs)
              ^^^^^^^^^^^^^^^^^^^^^^^
  File "/home/aghil.hooshmand/projects/DataComplexity/.venv/lib/python3.12/site-packages/pandas/core/internals/blocks.py", line 1118, in setitem
    nb = self.coerce_to_target_dtype(value, raise_on_upcast=True)
         ^^^^^^^^^^^^^^^^^^^^^^^^^^^^^^^^^^^^^^^^^^^^^^^^^^^^^^^^
  File "/home/aghil.hooshmand/projects/DataComplexity/.venv/lib/python3.12/site-packages/pandas/core/internals/blocks.py", line 468, in coerce_to_target_dtype
    raise TypeError(f"Invalid value '{other}' for dtype '{self.values.dtype}'")
TypeError: Invalid value 'False' for dtype 'float64'

Wrote error row to: /home/aghil.hooshmand/projects/DataComplexity/results/datasets_complexity_summary.csv

========== END 2026-06-20T22:08:31+01:00 exit=1 elapsed=157196s ==========

